../Core/Src/main.c:120:5:main	8	static
../Core/Src/main.c:175:6:SystemClock_Config	96	static
../Core/Src/main.c:219:13:MX_I2C1_Init	8	static
../Core/Src/main.c:267:13:MX_USART2_UART_Init	8	static
../Core/Src/main.c:302:13:MX_GPIO_Init	24	static
../Core/Src/main.c:320:20:BME280_init	32	static
../Core/Src/main.c:339:6:BME280_ReadData	24	static
../Core/Src/main.c:359:6:Display_Update	8	static
../Core/Src/main.c:368:5:__io_putchar	16	static
../Core/Src/main.c:375:19:BME280_calibration_parameters	72	static
../Core/Src/main.c:430:9:BME280_compensate_T_int32	32	static
../Core/Src/main.c:453:10:BME280_compensate_P_int64	328	static
../Core/Src/main.c:487:10:BME280_compensate_H_int32	24	static
../Core/Src/main.c:524:6:Error_Handler	4	static,ignoring_inline_asm
